fusermount: entry for /tmp/erda not found in /etc/mtab
total 20
drwxr-xr-x.   2 sxr280 users     6 Oct  2 23:07 .
drwxrwxrwt. 183 root   root  16384 Oct 10 00:12 ..
The directory '/tmp/erda' contains 1 files.
Running command: python find_gene_interaction.py --transcript_file /tmp/erda/Spatialformer/downloaded_data/raw/Xenium_V1_Human_Brain_GBM_FFPE_outs/transcripts.csv.gz --number_cell 816769 --partition 39 --dataname Xenium_V1_Human_Brain_GBM_FFPE_outs;
Traceback (most recent call last):
  File "/home/sxr280/miniconda3/envs/deeploc_torch/lib/python3.8/site-packages/pandas/io/parsers/readers.py", line 1704, in read
    ) = self._engine.read(  # type: ignore[attr-defined]
  File "/home/sxr280/miniconda3/envs/deeploc_torch/lib/python3.8/site-packages/pandas/io/parsers/c_parser_wrapper.py", line 234, in read
    chunks = self._reader.read_low_memory(nrows)
  File "pandas/_libs/parsers.pyx", line 814, in pandas._libs.parsers.TextReader.read_low_memory
  File "pandas/_libs/parsers.pyx", line 875, in pandas._libs.parsers.TextReader._read_rows
  File "pandas/_libs/parsers.pyx", line 850, in pandas._libs.parsers.TextReader._tokenize_rows
  File "pandas/_libs/parsers.pyx", line 861, in pandas._libs.parsers.TextReader._check_tokenize_status
  File "pandas/_libs/parsers.pyx", line 2021, in pandas._libs.parsers.raise_parser_error
  File "/home/sxr280/miniconda3/envs/deeploc_torch/lib/python3.8/_compression.py", line 68, in readinto
    data = self.read(len(byte_view))
  File "/home/sxr280/miniconda3/envs/deeploc_torch/lib/python3.8/gzip.py", line 485, in read
    buf = self._fp.read(io.DEFAULT_BUFFER_SIZE)
  File "/home/sxr280/miniconda3/envs/deeploc_torch/lib/python3.8/gzip.py", line 87, in read
    return self.file.read(size)
OSError: [Errno 107] Transport endpoint is not connected

During handling of the above exception, another exception occurred:

Traceback (most recent call last):
  File "find_gene_interaction.py", line 133, in <module>
    processor.load_and_preprocess_data()
  File "find_gene_interaction.py", line 42, in load_and_preprocess_data
    lung_annot_3D_tx = pd.read_csv(self.transcript_file, compression='gzip') 
  File "/home/sxr280/miniconda3/envs/deeploc_torch/lib/python3.8/site-packages/pandas/io/parsers/readers.py", line 912, in read_csv
    return _read(filepath_or_buffer, kwds)
  File "/home/sxr280/miniconda3/envs/deeploc_torch/lib/python3.8/site-packages/pandas/io/parsers/readers.py", line 583, in _read
    return parser.read(nrows)
  File "/home/sxr280/miniconda3/envs/deeploc_torch/lib/python3.8/site-packages/pandas/io/parsers/readers.py", line 1708, in read
    self.close()
  File "/home/sxr280/miniconda3/envs/deeploc_torch/lib/python3.8/site-packages/pandas/io/parsers/readers.py", line 1411, in close
    self.handles.close()
  File "/home/sxr280/miniconda3/envs/deeploc_torch/lib/python3.8/site-packages/pandas/io/common.py", line 130, in close
    handle.close()
  File "/home/sxr280/miniconda3/envs/deeploc_torch/lib/python3.8/gzip.py", line 335, in close
    myfileobj.close()
OSError: [Errno 107] Transport endpoint is not connected
Running command: python find_gene_interaction.py --transcript_file /tmp/erda/Spatialformer/downloaded_data/raw/Xenium_V1_FFPE_Human_Breast_IDC_With_Addon_outs/transcripts.csv.gz --number_cell 574527 --partition 1 --dataname Xenium_V1_FFPE_Human_Breast_IDC_With_Addon_outs;
Traceback (most recent call last):
  File "find_gene_interaction.py", line 127, in <module>
    os.makedirs(erda_path, exist_ok=True)
  File "/home/sxr280/miniconda3/envs/deeploc_torch/lib/python3.8/os.py", line 213, in makedirs
    makedirs(head, exist_ok=exist_ok)
  File "/home/sxr280/miniconda3/envs/deeploc_torch/lib/python3.8/os.py", line 213, in makedirs
    makedirs(head, exist_ok=exist_ok)
  File "/home/sxr280/miniconda3/envs/deeploc_torch/lib/python3.8/os.py", line 223, in makedirs
    mkdir(name, mode)
OSError: [Errno 107] Transport endpoint is not connected: '/tmp/erda/Spatialformer'
